C:\Users\DELL\Desktop\Dynamic realtors_practice\venv\Scripts\python.exe: can't open file 'C:\\Users\\DELL\\Desktop\\Dynamic realtors_practice\\teststest_security_comprehensive.py': [Errno 2] No such file or directory
